该模组的作者选择不包含模组源代码。
文件:
ClamityCNDeer.dll
You can find this mod's .dll files under C:\Users\Sonotendoka\Documents\My Games\Terraria\tModLoader\ModSources\ModAssemblies for easy mod collaboration!
ClamityCNDeer.pdb
build.txt
Properties/launchSettings.json
Localization/zh-Hans/Mods.Clamity.FannyDialog.hjson
changelog.txt
Localization/zh-Hans/Mods.Clamity.Items.Ammo.hjson
description.txt
Localization/zh-Hans/Mods.Clamity.ItemExtraTooltip.hjson
Localization/zh-Hans/Mods.Clamity.Items.Fishing.hjson
icon.png
Localization/zh-Hans/Mods.Clamity.Buffs.hjson
Localization/zh-Hans/Mods.Clamity.Items.Materials.hjson
Localization/zh-Hans/Mods.Clamity.Items.Armor.hjson
Localization/zh-Hans/Mods.Clamity.Items.Misc.hjson
Localization/zh-Hans/Mods.Clamity.hjson
Localization/zh-Hans/Mods.Clamity.Items.Tools.hjson
Localization/zh-Hans/Mods.Clamity.Items.Pets.hjson
Localization/zh-Hans/Mods.Clamity.Items.Lore.hjson
Localization/zh-Hans_Mods.ClamityMusic.hjson
Localization/zh-Hans/Mods.Clamity.Items.SummonBoss.hjson
Localization/zh-Hans/Mods.Clamity.Items.TreasureBags.hjson
Localization/zh-Hans/Mods.Clamity.Items.Potions.hjson
Localization/zh-Hans/Mods.Clamity.Items.Accessories.hjson
Localization/zh-Hans/Mods.Clamity.Items.Weapons.Classless.hjson.legacy
Localization/zh-Hans/Mods.Clamity.Items.Placeables.hjson
Localization/zh-Hans/Mods.Clamity.Items.Weapons.Melee.hjson
Localization/zh-Hans/Mods.Clamity.Items.Weapons.Rogue.hjson
Localization/zh-Hans/Mods.Clamity.Items.Weapons.Typeless.hjson
Localization/zh-Hans/Mods.Clamity.Items.Weapons.Magic.hjson
Localization/zh-Hans/Mods.Clamity.Projectiles.hjson
Localization/zh-Hans/Mods.Clamity.Items.Weapons.Summon.hjson
Localization/zh-Hans/Mods.Clamity.Items.Weapons.Ranged.hjson
Localization/zh-Hans/Mods.Clamity.NPCs.hjson
Localization/zh-Hans/Mods.Clamity.UI.hjson
